[2026-04-30 22:16:50] [INFO    ] [utils.gui] Démarrage de l'interface graphique ReactorGUI.
[2026-04-30 22:16:56] [DEBUG   ] [physics.geometry] Initialisation ReactorGeometry : R_n=12.0, R_hex=2.0
[2026-04-30 22:17:06] [DEBUG   ] [physics.geometry] Initialisation ReactorGeometry : R_n=12.0, R_hex=2.0
[2026-04-30 22:17:11] [DEBUG   ] [physics.geometry] Initialisation ReactorGeometry : R_n=12.0, R_hex=2.0
[2026-04-30 22:17:11] [INFO    ] [utils.gui] Début de la génération automatique (Gmsh) : /home/Bud0x/Documents/bachinge/BAC3/LEPL1110/project/Projet_ef/output/meshes/reactor_Rn12.0_Rhex2.0_20260430_221711.msh
[2026-04-30 22:17:11] [INFO    ] [physics.geometry] Début de la génération du maillage : /home/Bud0x/Documents/bachinge/BAC3/LEPL1110/project/Projet_ef/output/meshes/reactor_Rn12.0_Rhex2.0_20260430_221711.msh
[2026-04-30 22:17:11] [DEBUG   ] [physics.geometry] Création du domaine global et des assemblages...
[2026-04-30 22:17:11] [DEBUG   ] [physics.geometry] Lancement de la fragmentation booléenne (opération lourde)...
[2026-04-30 22:17:13] [DEBUG   ] [physics.geometry] Assignation des Groupes Physiques...
[2026-04-30 22:17:13] [INFO    ] [physics.geometry] Lancement du moteur de maillage 2D de Gmsh...
[2026-04-30 22:17:25] [INFO    ] [physics.geometry] Maillage généré et sauvegardé avec succès : /home/Bud0x/Documents/bachinge/BAC3/LEPL1110/project/Projet_ef/output/meshes/reactor_Rn12.0_Rhex2.0_20260430_221711.msh
[2026-04-30 22:17:40] [INFO    ] [utils.gui] Fichier de maillage sélectionné pour la simulation : /home/Bud0x/Documents/bachinge/BAC3/LEPL1110/project/Projet_ef/output/meshes/reactor_Rn25.0_Rhex2.0_20260429_183032.msh
[2026-04-30 22:17:40] [INFO    ] [core.solver] Démarrage de run_full_simulation sur : /home/Bud0x/Documents/bachinge/BAC3/LEPL1110/project/Projet_ef/output/meshes/reactor_Rn25.0_Rhex2.0_20260429_183032.msh
[2026-04-30 22:17:47] [DEBUG   ] [core.solver] Maillage chargé. Nombre de nœuds : 745875
[2026-04-30 22:17:47] [DEBUG   ] [core.solver] Extraction des données P1 FEM depuis le maillage...
[2026-04-30 22:18:00] [DEBUG   ] [core.solver] Extraction terminée pour 1491583 éléments triangulaires.
[2026-04-30 22:18:00] [DEBUG   ] [core.solver] Flux initial défini. Puissance initiale (intégrale) = 7458750.0
[2026-04-30 22:18:00] [INFO    ] [core.solver] Scénario PID: Cible = 70.0% -> Puissance absolue cible = 5221125.0
[2026-04-30 22:18:00] [INFO    ] [core.solver] Début de l'assemblage des matrices fixes...
[2026-04-30 22:18:00] [DEBUG   ] [physics.materials] Calcul des propriétés matériaux. rod_insertion=1.0
[2026-04-30 22:18:00] [DEBUG   ] [physics.materials] Utilisation du user_mapping: {'Fuel': 'Fuel_Uranium', 'Moderator': 'Water_Moderator', 'Reflector': 'Graphite_Moderator', 'ControlRods': 'Boral_ControlRod'}
[2026-04-30 22:18:00] [DEBUG   ] [physics.materials] Propriétés des matériaux appliquées avec succès sur tout le maillage.
[2026-04-30 22:18:00] [DEBUG   ] [core.assembly] Début de l'assemblage (Masse/Réaction) pour 1491583 éléments...
[2026-04-30 22:18:02] [DEBUG   ] [core.assembly] Assemblage terminé. Matrice creuse construite: taille (745875, 745875) avec 5220789 éléments non-nuls.
[2026-04-30 22:18:02] [DEBUG   ] [core.assembly] Début de l'assemblage de Rigidité (Diffusion) pour 1491583 éléments...
[2026-04-30 22:18:05] [DEBUG   ] [core.assembly] Assemblage de Rigidité terminé. Matrice creuse construite: taille (745875, 745875) avec 5220789 éléments non-nuls.
[2026-04-30 22:18:05] [DEBUG   ] [core.assembly] Début de l'assemblage (Masse/Réaction) pour 1491583 éléments...
[2026-04-30 22:18:06] [DEBUG   ] [core.assembly] Assemblage terminé. Matrice creuse construite: taille (745875, 745875) avec 5220789 éléments non-nuls.
[2026-04-30 22:18:06] [INFO    ] [core.solver] Assemblage des matrices M, K et R_init terminé.
[2026-04-30 22:18:06] [INFO    ] [core.solver] Démarrage de l'intégration temporelle dynamique...
[2026-04-30 22:18:06] [DEBUG   ] [core.time_integration] Initialisation du TimeIntegrator avec theta = 1.0
[2026-04-30 22:18:06] [INFO    ] [core.time_integration] Début de l'intégration temporelle : t=[0.0, 0.05], dt=0.00050, étapes=100
[2026-04-30 22:18:06] [INFO    ] [core.time_integration] Mouvement significatif des barres détecté (pos=0.0500). Re-calcul de la physique et factorisation LU...
[2026-04-30 22:18:06] [DEBUG   ] [physics.materials] Calcul des propriétés matériaux. rod_insertion=0.05
[2026-04-30 22:18:06] [DEBUG   ] [physics.materials] Utilisation du user_mapping: {'Fuel': 'Fuel_Uranium', 'Moderator': 'Water_Moderator', 'Reflector': 'Graphite_Moderator', 'ControlRods': 'Boral_ControlRod'}
[2026-04-30 22:18:06] [DEBUG   ] [physics.materials] Propriétés des matériaux appliquées avec succès sur tout le maillage.
[2026-04-30 22:18:06] [DEBUG   ] [core.assembly] Début de l'assemblage (Masse/Réaction) pour 1491583 éléments...
[2026-04-30 22:18:07] [DEBUG   ] [core.assembly] Assemblage terminé. Matrice creuse construite: taille (745875, 745875) avec 5220789 éléments non-nuls.
[2026-04-30 22:18:19] [INFO    ] [core.time_integration] Mouvement significatif des barres détecté (pos=0.0607). Re-calcul de la physique et factorisation LU...
[2026-04-30 22:18:19] [DEBUG   ] [physics.materials] Calcul des propriétés matériaux. rod_insertion=0.06070067262902919
[2026-04-30 22:18:19] [DEBUG   ] [physics.materials] Utilisation du user_mapping: {'Fuel': 'Fuel_Uranium', 'Moderator': 'Water_Moderator', 'Reflector': 'Graphite_Moderator', 'ControlRods': 'Boral_ControlRod'}
[2026-04-30 22:18:19] [DEBUG   ] [physics.materials] Propriétés des matériaux appliquées avec succès sur tout le maillage.
[2026-04-30 22:18:19] [DEBUG   ] [core.assembly] Début de l'assemblage (Masse/Réaction) pour 1491583 éléments...
[2026-04-30 22:18:20] [DEBUG   ] [core.assembly] Assemblage terminé. Matrice creuse construite: taille (745875, 745875) avec 5220789 éléments non-nuls.
[2026-04-30 22:18:33] [INFO    ] [core.time_integration] Mouvement significatif des barres détecté (pos=0.0719). Re-calcul de la physique et factorisation LU...
[2026-04-30 22:18:33] [DEBUG   ] [physics.materials] Calcul des propriétés matériaux. rod_insertion=0.07193732504326879
[2026-04-30 22:18:33] [DEBUG   ] [physics.materials] Utilisation du user_mapping: {'Fuel': 'Fuel_Uranium', 'Moderator': 'Water_Moderator', 'Reflector': 'Graphite_Moderator', 'ControlRods': 'Boral_ControlRod'}
[2026-04-30 22:18:33] [DEBUG   ] [physics.materials] Propriétés des matériaux appliquées avec succès sur tout le maillage.
[2026-04-30 22:18:33] [DEBUG   ] [core.assembly] Début de l'assemblage (Masse/Réaction) pour 1491583 éléments...
[2026-04-30 22:18:34] [DEBUG   ] [core.assembly] Assemblage terminé. Matrice creuse construite: taille (745875, 745875) avec 5220789 éléments non-nuls.
[2026-04-30 22:18:46] [INFO    ] [core.time_integration] Mouvement significatif des barres détecté (pos=0.0835). Re-calcul de la physique et factorisation LU...
[2026-04-30 22:18:46] [DEBUG   ] [physics.materials] Calcul des propriétés matériaux. rod_insertion=0.08354928819301054
[2026-04-30 22:18:46] [DEBUG   ] [physics.materials] Utilisation du user_mapping: {'Fuel': 'Fuel_Uranium', 'Moderator': 'Water_Moderator', 'Reflector': 'Graphite_Moderator', 'ControlRods': 'Boral_ControlRod'}
[2026-04-30 22:18:46] [DEBUG   ] [physics.materials] Propriétés des matériaux appliquées avec succès sur tout le maillage.
[2026-04-30 22:18:46] [DEBUG   ] [core.assembly] Début de l'assemblage (Masse/Réaction) pour 1491583 éléments...
[2026-04-30 22:18:47] [DEBUG   ] [core.assembly] Assemblage terminé. Matrice creuse construite: taille (745875, 745875) avec 5220789 éléments non-nuls.
[2026-04-30 22:18:59] [INFO    ] [core.time_integration] Mouvement significatif des barres détecté (pos=0.0955). Re-calcul de la physique et factorisation LU...
[2026-04-30 22:18:59] [DEBUG   ] [physics.materials] Calcul des propriétés matériaux. rod_insertion=0.0955012497654249
[2026-04-30 22:18:59] [DEBUG   ] [physics.materials] Utilisation du user_mapping: {'Fuel': 'Fuel_Uranium', 'Moderator': 'Water_Moderator', 'Reflector': 'Graphite_Moderator', 'ControlRods': 'Boral_ControlRod'}
[2026-04-30 22:18:59] [DEBUG   ] [physics.materials] Propriétés des matériaux appliquées avec succès sur tout le maillage.
[2026-04-30 22:18:59] [DEBUG   ] [core.assembly] Début de l'assemblage (Masse/Réaction) pour 1491583 éléments...
[2026-04-30 22:19:00] [DEBUG   ] [core.assembly] Assemblage terminé. Matrice creuse construite: taille (745875, 745875) avec 5220789 éléments non-nuls.
[2026-04-30 22:19:12] [INFO    ] [core.time_integration] Mouvement significatif des barres détecté (pos=0.1078). Re-calcul de la physique et factorisation LU...
[2026-04-30 22:19:12] [DEBUG   ] [physics.materials] Calcul des propriétés matériaux. rod_insertion=0.10776037810966076
[2026-04-30 22:19:12] [DEBUG   ] [physics.materials] Utilisation du user_mapping: {'Fuel': 'Fuel_Uranium', 'Moderator': 'Water_Moderator', 'Reflector': 'Graphite_Moderator', 'ControlRods': 'Boral_ControlRod'}
[2026-04-30 22:19:12] [DEBUG   ] [physics.materials] Propriétés des matériaux appliquées avec succès sur tout le maillage.
[2026-04-30 22:19:12] [DEBUG   ] [core.assembly] Début de l'assemblage (Masse/Réaction) pour 1491583 éléments...
[2026-04-30 22:19:13] [DEBUG   ] [core.assembly] Assemblage terminé. Matrice creuse construite: taille (745875, 745875) avec 5220789 éléments non-nuls.
[2026-04-30 22:19:26] [INFO    ] [core.time_integration] Mouvement significatif des barres détecté (pos=0.1203). Re-calcul de la physique et factorisation LU...
[2026-04-30 22:19:26] [DEBUG   ] [physics.materials] Calcul des propriétés matériaux. rod_insertion=0.12029392434330616
[2026-04-30 22:19:26] [DEBUG   ] [physics.materials] Utilisation du user_mapping: {'Fuel': 'Fuel_Uranium', 'Moderator': 'Water_Moderator', 'Reflector': 'Graphite_Moderator', 'ControlRods': 'Boral_ControlRod'}
[2026-04-30 22:19:26] [DEBUG   ] [physics.materials] Propriétés des matériaux appliquées avec succès sur tout le maillage.
[2026-04-30 22:19:26] [DEBUG   ] [core.assembly] Début de l'assemblage (Masse/Réaction) pour 1491583 éléments...
[2026-04-30 22:19:27] [DEBUG   ] [core.assembly] Assemblage terminé. Matrice creuse construite: taille (745875, 745875) avec 5220789 éléments non-nuls.
[2026-04-30 22:19:39] [INFO    ] [core.time_integration] Mouvement significatif des barres détecté (pos=0.1331). Re-calcul de la physique et factorisation LU...
[2026-04-30 22:19:39] [DEBUG   ] [physics.materials] Calcul des propriétés matériaux. rod_insertion=0.13306882771413484
[2026-04-30 22:19:39] [DEBUG   ] [physics.materials] Utilisation du user_mapping: {'Fuel': 'Fuel_Uranium', 'Moderator': 'Water_Moderator', 'Reflector': 'Graphite_Moderator', 'ControlRods': 'Boral_ControlRod'}
[2026-04-30 22:19:39] [DEBUG   ] [physics.materials] Propriétés des matériaux appliquées avec succès sur tout le maillage.
[2026-04-30 22:19:39] [DEBUG   ] [core.assembly] Début de l'assemblage (Masse/Réaction) pour 1491583 éléments...
[2026-04-30 22:19:40] [DEBUG   ] [core.assembly] Assemblage terminé. Matrice creuse construite: taille (745875, 745875) avec 5220789 éléments non-nuls.
[2026-04-30 22:19:52] [INFO    ] [core.time_integration] Mouvement significatif des barres détecté (pos=0.1461). Re-calcul de la physique et factorisation LU...
[2026-04-30 22:19:52] [DEBUG   ] [physics.materials] Calcul des propriétés matériaux. rod_insertion=0.14605162579253675
[2026-04-30 22:19:52] [DEBUG   ] [physics.materials] Utilisation du user_mapping: {'Fuel': 'Fuel_Uranium', 'Moderator': 'Water_Moderator', 'Reflector': 'Graphite_Moderator', 'ControlRods': 'Boral_ControlRod'}
[2026-04-30 22:19:53] [DEBUG   ] [physics.materials] Propriétés des matériaux appliquées avec succès sur tout le maillage.
[2026-04-30 22:19:53] [DEBUG   ] [core.assembly] Début de l'assemblage (Masse/Réaction) pour 1491583 éléments...
[2026-04-30 22:19:54] [DEBUG   ] [core.assembly] Assemblage terminé. Matrice creuse construite: taille (745875, 745875) avec 5220789 éléments non-nuls.
[2026-04-30 22:20:06] [DEBUG   ] [core.time_integration] Progression de l'intégration : Étape 10/100
[2026-04-30 22:20:06] [INFO    ] [core.time_integration] Mouvement significatif des barres détecté (pos=0.1592). Re-calcul de la physique et factorisation LU...
[2026-04-30 22:20:06] [DEBUG   ] [physics.materials] Calcul des propriétés matériaux. rod_insertion=0.15920844932424905
[2026-04-30 22:20:06] [DEBUG   ] [physics.materials] Utilisation du user_mapping: {'Fuel': 'Fuel_Uranium', 'Moderator': 'Water_Moderator', 'Reflector': 'Graphite_Moderator', 'ControlRods': 'Boral_ControlRod'}
[2026-04-30 22:20:06] [DEBUG   ] [physics.materials] Propriétés des matériaux appliquées avec succès sur tout le maillage.
[2026-04-30 22:20:06] [DEBUG   ] [core.assembly] Début de l'assemblage (Masse/Réaction) pour 1491583 éléments...
[2026-04-30 22:20:07] [DEBUG   ] [core.assembly] Assemblage terminé. Matrice creuse construite: taille (745875, 745875) avec 5220789 éléments non-nuls.
[2026-04-30 22:20:19] [INFO    ] [core.time_integration] Mouvement significatif des barres détecté (pos=0.1725). Re-calcul de la physique et factorisation LU...
[2026-04-30 22:20:19] [DEBUG   ] [physics.materials] Calcul des propriétés matériaux. rod_insertion=0.1725050481159271
[2026-04-30 22:20:19] [DEBUG   ] [physics.materials] Utilisation du user_mapping: {'Fuel': 'Fuel_Uranium', 'Moderator': 'Water_Moderator', 'Reflector': 'Graphite_Moderator', 'ControlRods': 'Boral_ControlRod'}
[2026-04-30 22:20:19] [DEBUG   ] [physics.materials] Propriétés des matériaux appliquées avec succès sur tout le maillage.
[2026-04-30 22:20:19] [DEBUG   ] [core.assembly] Début de l'assemblage (Masse/Réaction) pour 1491583 éléments...
[2026-04-30 22:20:20] [DEBUG   ] [core.assembly] Assemblage terminé. Matrice creuse construite: taille (745875, 745875) avec 5220789 éléments non-nuls.
[2026-04-30 22:20:33] [INFO    ] [core.time_integration] Mouvement significatif des barres détecté (pos=0.1859). Re-calcul de la physique et factorisation LU...
[2026-04-30 22:20:33] [DEBUG   ] [physics.materials] Calcul des propriétés matériaux. rod_insertion=0.18590683067677258
[2026-04-30 22:20:33] [DEBUG   ] [physics.materials] Utilisation du user_mapping: {'Fuel': 'Fuel_Uranium', 'Moderator': 'Water_Moderator', 'Reflector': 'Graphite_Moderator', 'ControlRods': 'Boral_ControlRod'}
[2026-04-30 22:20:33] [DEBUG   ] [physics.materials] Propriétés des matériaux appliquées avec succès sur tout le maillage.
[2026-04-30 22:20:33] [DEBUG   ] [core.assembly] Début de l'assemblage (Masse/Réaction) pour 1491583 éléments...
[2026-04-30 22:20:34] [DEBUG   ] [core.assembly] Assemblage terminé. Matrice creuse construite: taille (745875, 745875) avec 5220789 éléments non-nuls.
[2026-04-30 22:20:46] [INFO    ] [core.time_integration] Mouvement significatif des barres détecté (pos=0.1994). Re-calcul de la physique et factorisation LU...
[2026-04-30 22:20:46] [DEBUG   ] [physics.materials] Calcul des propriétés matériaux. rod_insertion=0.19937891091819912
[2026-04-30 22:20:46] [DEBUG   ] [physics.materials] Utilisation du user_mapping: {'Fuel': 'Fuel_Uranium', 'Moderator': 'Water_Moderator', 'Reflector': 'Graphite_Moderator', 'ControlRods': 'Boral_ControlRod'}
[2026-04-30 22:20:46] [DEBUG   ] [physics.materials] Propriétés des matériaux appliquées avec succès sur tout le maillage.
[2026-04-30 22:20:46] [DEBUG   ] [core.assembly] Début de l'assemblage (Masse/Réaction) pour 1491583 éléments...
[2026-04-30 22:20:47] [DEBUG   ] [core.assembly] Assemblage terminé. Matrice creuse construite: taille (745875, 745875) avec 5220789 éléments non-nuls.
[2026-04-30 22:21:00] [INFO    ] [core.time_integration] Mouvement significatif des barres détecté (pos=0.2129). Re-calcul de la physique et factorisation LU...
[2026-04-30 22:21:00] [DEBUG   ] [physics.materials] Calcul des propriétés matériaux. rod_insertion=0.21288615873817718
[2026-04-30 22:21:00] [DEBUG   ] [physics.materials] Utilisation du user_mapping: {'Fuel': 'Fuel_Uranium', 'Moderator': 'Water_Moderator', 'Reflector': 'Graphite_Moderator', 'ControlRods': 'Boral_ControlRod'}
[2026-04-30 22:21:00] [DEBUG   ] [physics.materials] Propriétés des matériaux appliquées avec succès sur tout le maillage.
[2026-04-30 22:21:00] [DEBUG   ] [core.assembly] Début de l'assemblage (Masse/Réaction) pour 1491583 éléments...
[2026-04-30 22:21:01] [DEBUG   ] [core.assembly] Assemblage terminé. Matrice creuse construite: taille (745875, 745875) avec 5220789 éléments non-nuls.
[2026-04-30 22:21:13] [INFO    ] [core.time_integration] Mouvement significatif des barres détecté (pos=0.2264). Re-calcul de la physique et factorisation LU...
[2026-04-30 22:21:13] [DEBUG   ] [physics.materials] Calcul des propriétés matériaux. rod_insertion=0.2263932526062872
[2026-04-30 22:21:13] [DEBUG   ] [physics.materials] Utilisation du user_mapping: {'Fuel': 'Fuel_Uranium', 'Moderator': 'Water_Moderator', 'Reflector': 'Graphite_Moderator', 'ControlRods': 'Boral_ControlRod'}
[2026-04-30 22:21:13] [DEBUG   ] [physics.materials] Propriétés des matériaux appliquées avec succès sur tout le maillage.
[2026-04-30 22:21:13] [DEBUG   ] [core.assembly] Début de l'assemblage (Masse/Réaction) pour 1491583 éléments...
[2026-04-30 22:21:14] [DEBUG   ] [core.assembly] Assemblage terminé. Matrice creuse construite: taille (745875, 745875) avec 5220789 éléments non-nuls.
[2026-04-30 22:21:27] [INFO    ] [core.time_integration] Mouvement significatif des barres détecté (pos=0.2399). Re-calcul de la physique et factorisation LU...
[2026-04-30 22:21:27] [DEBUG   ] [physics.materials] Calcul des propriétés matériaux. rod_insertion=0.2398647328224484
[2026-04-30 22:21:27] [DEBUG   ] [physics.materials] Utilisation du user_mapping: {'Fuel': 'Fuel_Uranium', 'Moderator': 'Water_Moderator', 'Reflector': 'Graphite_Moderator', 'ControlRods': 'Boral_ControlRod'}
[2026-04-30 22:21:27] [DEBUG   ] [physics.materials] Propriétés des matériaux appliquées avec succès sur tout le maillage.
[2026-04-30 22:21:27] [DEBUG   ] [core.assembly] Début de l'assemblage (Masse/Réaction) pour 1491583 éléments...
[2026-04-30 22:21:28] [DEBUG   ] [core.assembly] Assemblage terminé. Matrice creuse construite: taille (745875, 745875) avec 5220789 éléments non-nuls.
[2026-04-30 22:21:40] [INFO    ] [core.time_integration] Mouvement significatif des barres détecté (pos=0.2533). Re-calcul de la physique et factorisation LU...
[2026-04-30 22:21:40] [DEBUG   ] [physics.materials] Calcul des propriétés matériaux. rod_insertion=0.2532650544411913
[2026-04-30 22:21:40] [DEBUG   ] [physics.materials] Utilisation du user_mapping: {'Fuel': 'Fuel_Uranium', 'Moderator': 'Water_Moderator', 'Reflector': 'Graphite_Moderator', 'ControlRods': 'Boral_ControlRod'}
[2026-04-30 22:21:40] [DEBUG   ] [physics.materials] Propriétés des matériaux appliquées avec succès sur tout le maillage.
[2026-04-30 22:21:40] [DEBUG   ] [core.assembly] Début de l'assemblage (Masse/Réaction) pour 1491583 éléments...
[2026-04-30 22:21:41] [DEBUG   ] [core.assembly] Assemblage terminé. Matrice creuse construite: taille (745875, 745875) avec 5220789 éléments non-nuls.
[2026-04-30 22:21:54] [INFO    ] [core.time_integration] Mouvement significatif des barres détecté (pos=0.2666). Re-calcul de la physique et factorisation LU...
[2026-04-30 22:21:54] [DEBUG   ] [physics.materials] Calcul des propriétés matériaux. rod_insertion=0.2665586390901498
[2026-04-30 22:21:54] [DEBUG   ] [physics.materials] Utilisation du user_mapping: {'Fuel': 'Fuel_Uranium', 'Moderator': 'Water_Moderator', 'Reflector': 'Graphite_Moderator', 'ControlRods': 'Boral_ControlRod'}
[2026-04-30 22:21:54] [DEBUG   ] [physics.materials] Propriétés des matériaux appliquées avec succès sur tout le maillage.
[2026-04-30 22:21:54] [DEBUG   ] [core.assembly] Début de l'assemblage (Masse/Réaction) pour 1491583 éléments...
[2026-04-30 22:21:55] [DEBUG   ] [core.assembly] Assemblage terminé. Matrice creuse construite: taille (745875, 745875) avec 5220789 éléments non-nuls.
[2026-04-30 22:22:07] [INFO    ] [core.time_integration] Mouvement significatif des barres détecté (pos=0.2797). Re-calcul de la physique et factorisation LU...
[2026-04-30 22:22:07] [DEBUG   ] [physics.materials] Calcul des propriétés matériaux. rod_insertion=0.2797099251095051
[2026-04-30 22:22:07] [DEBUG   ] [physics.materials] Utilisation du user_mapping: {'Fuel': 'Fuel_Uranium', 'Moderator': 'Water_Moderator', 'Reflector': 'Graphite_Moderator', 'ControlRods': 'Boral_ControlRod'}
[2026-04-30 22:22:07] [DEBUG   ] [physics.materials] Propriétés des matériaux appliquées avec succès sur tout le maillage.
[2026-04-30 22:22:07] [DEBUG   ] [core.assembly] Début de l'assemblage (Masse/Réaction) pour 1491583 éléments...
[2026-04-30 22:22:08] [DEBUG   ] [core.assembly] Assemblage terminé. Matrice creuse construite: taille (745875, 745875) avec 5220789 éléments non-nuls.
[2026-04-30 22:22:21] [DEBUG   ] [core.time_integration] Progression de l'intégration : Étape 20/100
[2026-04-30 22:22:21] [INFO    ] [core.time_integration] Mouvement significatif des barres détecté (pos=0.2927). Re-calcul de la physique et factorisation LU...
[2026-04-30 22:22:21] [DEBUG   ] [physics.materials] Calcul des propriétés matériaux. rod_insertion=0.2926834156080037
[2026-04-30 22:22:21] [DEBUG   ] [physics.materials] Utilisation du user_mapping: {'Fuel': 'Fuel_Uranium', 'Moderator': 'Water_Moderator', 'Reflector': 'Graphite_Moderator', 'ControlRods': 'Boral_ControlRod'}
[2026-04-30 22:22:21] [DEBUG   ] [physics.materials] Propriétés des matériaux appliquées avec succès sur tout le maillage.
[2026-04-30 22:22:21] [DEBUG   ] [core.assembly] Début de l'assemblage (Masse/Réaction) pour 1491583 éléments...
[2026-04-30 22:22:22] [DEBUG   ] [core.assembly] Assemblage terminé. Matrice creuse construite: taille (745875, 745875) avec 5220789 éléments non-nuls.
[2026-04-30 22:22:34] [INFO    ] [core.time_integration] Mouvement significatif des barres détecté (pos=0.3054). Re-calcul de la physique et factorisation LU...
[2026-04-30 22:22:34] [DEBUG   ] [physics.materials] Calcul des propriétés matériaux. rod_insertion=0.30544372417288634
[2026-04-30 22:22:34] [DEBUG   ] [physics.materials] Utilisation du user_mapping: {'Fuel': 'Fuel_Uranium', 'Moderator': 'Water_Moderator', 'Reflector': 'Graphite_Moderator', 'ControlRods': 'Boral_ControlRod'}
[2026-04-30 22:22:34] [DEBUG   ] [physics.materials] Propriétés des matériaux appliquées avec succès sur tout le maillage.
[2026-04-30 22:22:34] [DEBUG   ] [core.assembly] Début de l'assemblage (Masse/Réaction) pour 1491583 éléments...
[2026-04-30 22:22:35] [DEBUG   ] [core.assembly] Assemblage terminé. Matrice creuse construite: taille (745875, 745875) avec 5220789 éléments non-nuls.
[2026-04-30 22:22:48] [INFO    ] [core.time_integration] Mouvement significatif des barres détecté (pos=0.3180). Re-calcul de la physique et factorisation LU...
[2026-04-30 22:22:48] [DEBUG   ] [physics.materials] Calcul des propriétés matériaux. rod_insertion=0.31795561808732153
[2026-04-30 22:22:48] [DEBUG   ] [physics.materials] Utilisation du user_mapping: {'Fuel': 'Fuel_Uranium', 'Moderator': 'Water_Moderator', 'Reflector': 'Graphite_Moderator', 'ControlRods': 'Boral_ControlRod'}
[2026-04-30 22:22:48] [DEBUG   ] [physics.materials] Propriétés des matériaux appliquées avec succès sur tout le maillage.
[2026-04-30 22:22:48] [DEBUG   ] [core.assembly] Début de l'assemblage (Masse/Réaction) pour 1491583 éléments...
[2026-04-30 22:22:49] [DEBUG   ] [core.assembly] Assemblage terminé. Matrice creuse construite: taille (745875, 745875) avec 5220789 éléments non-nuls.
[2026-04-30 22:23:01] [INFO    ] [core.time_integration] Mouvement significatif des barres détecté (pos=0.3302). Re-calcul de la physique et factorisation LU...
[2026-04-30 22:23:01] [DEBUG   ] [physics.materials] Calcul des propriétés matériaux. rod_insertion=0.330184059002429
[2026-04-30 22:23:01] [DEBUG   ] [physics.materials] Utilisation du user_mapping: {'Fuel': 'Fuel_Uranium', 'Moderator': 'Water_Moderator', 'Reflector': 'Graphite_Moderator', 'ControlRods': 'Boral_ControlRod'}
[2026-04-30 22:23:01] [DEBUG   ] [physics.materials] Propriétés des matériaux appliquées avec succès sur tout le maillage.
[2026-04-30 22:23:01] [DEBUG   ] [core.assembly] Début de l'assemblage (Masse/Réaction) pour 1491583 éléments...
[2026-04-30 22:23:02] [DEBUG   ] [core.assembly] Assemblage terminé. Matrice creuse construite: taille (745875, 745875) avec 5220789 éléments non-nuls.
[2026-04-30 22:23:14] [INFO    ] [core.time_integration] Mouvement significatif des barres détecté (pos=0.3421). Re-calcul de la physique et factorisation LU...
[2026-04-30 22:23:14] [DEBUG   ] [physics.materials] Calcul des propriétés matériaux. rod_insertion=0.34209424108494646
[2026-04-30 22:23:14] [DEBUG   ] [physics.materials] Utilisation du user_mapping: {'Fuel': 'Fuel_Uranium', 'Moderator': 'Water_Moderator', 'Reflector': 'Graphite_Moderator', 'ControlRods': 'Boral_ControlRod'}
[2026-04-30 22:23:15] [DEBUG   ] [physics.materials] Propriétés des matériaux appliquées avec succès sur tout le maillage.
[2026-04-30 22:23:15] [DEBUG   ] [core.assembly] Début de l'assemblage (Masse/Réaction) pour 1491583 éléments...
[2026-04-30 22:23:15] [DEBUG   ] [core.assembly] Assemblage terminé. Matrice creuse construite: taille (745875, 745875) avec 5220789 éléments non-nuls.
[2026-04-30 22:23:27] [INFO    ] [core.time_integration] Mouvement significatif des barres détecté (pos=0.3537). Re-calcul de la physique et factorisation LU...
[2026-04-30 22:23:27] [DEBUG   ] [physics.materials] Calcul des propriétés matériaux. rod_insertion=0.353651626719304
[2026-04-30 22:23:27] [DEBUG   ] [physics.materials] Utilisation du user_mapping: {'Fuel': 'Fuel_Uranium', 'Moderator': 'Water_Moderator', 'Reflector': 'Graphite_Moderator', 'ControlRods': 'Boral_ControlRod'}
[2026-04-30 22:23:27] [DEBUG   ] [physics.materials] Propriétés des matériaux appliquées avec succès sur tout le maillage.
[2026-04-30 22:23:27] [DEBUG   ] [core.assembly] Début de l'assemblage (Masse/Réaction) pour 1491583 éléments...
[2026-04-30 22:23:28] [DEBUG   ] [core.assembly] Assemblage terminé. Matrice creuse construite: taille (745875, 745875) avec 5220789 éléments non-nuls.
[2026-04-30 22:23:40] [INFO    ] [core.time_integration] Mouvement significatif des barres détecté (pos=0.3648). Re-calcul de la physique et factorisation LU...
[2026-04-30 22:23:40] [DEBUG   ] [physics.materials] Calcul des propriétés matériaux. rod_insertion=0.3648219798872555
[2026-04-30 22:23:40] [DEBUG   ] [physics.materials] Utilisation du user_mapping: {'Fuel': 'Fuel_Uranium', 'Moderator': 'Water_Moderator', 'Reflector': 'Graphite_Moderator', 'ControlRods': 'Boral_ControlRod'}
[2026-04-30 22:23:40] [DEBUG   ] [physics.materials] Propriétés des matériaux appliquées avec succès sur tout le maillage.
[2026-04-30 22:23:40] [DEBUG   ] [core.assembly] Début de l'assemblage (Masse/Réaction) pour 1491583 éléments...
[2026-04-30 22:23:41] [DEBUG   ] [core.assembly] Assemblage terminé. Matrice creuse construite: taille (745875, 745875) avec 5220789 éléments non-nuls.
[2026-04-30 22:23:54] [INFO    ] [core.time_integration] Mouvement significatif des barres détecté (pos=0.3756). Re-calcul de la physique et factorisation LU...
[2026-04-30 22:23:54] [DEBUG   ] [physics.materials] Calcul des propriétés matériaux. rod_insertion=0.37557139738175765
[2026-04-30 22:23:54] [DEBUG   ] [physics.materials] Utilisation du user_mapping: {'Fuel': 'Fuel_Uranium', 'Moderator': 'Water_Moderator', 'Reflector': 'Graphite_Moderator', 'ControlRods': 'Boral_ControlRod'}
[2026-04-30 22:23:54] [DEBUG   ] [physics.materials] Propriétés des matériaux appliquées avec succès sur tout le maillage.
[2026-04-30 22:23:54] [DEBUG   ] [core.assembly] Début de l'assemblage (Masse/Réaction) pour 1491583 éléments...
[2026-04-30 22:23:55] [DEBUG   ] [core.assembly] Assemblage terminé. Matrice creuse construite: taille (745875, 745875) avec 5220789 éléments non-nuls.
[2026-04-30 22:24:07] [INFO    ] [core.time_integration] Mouvement significatif des barres détecté (pos=0.3859). Re-calcul de la physique et factorisation LU...
[2026-04-30 22:24:07] [DEBUG   ] [physics.materials] Calcul des propriétés matériaux. rod_insertion=0.38586633803650294
[2026-04-30 22:24:07] [DEBUG   ] [physics.materials] Utilisation du user_mapping: {'Fuel': 'Fuel_Uranium', 'Moderator': 'Water_Moderator', 'Reflector': 'Graphite_Moderator', 'ControlRods': 'Boral_ControlRod'}
[2026-04-30 22:24:07] [DEBUG   ] [physics.materials] Propriétés des matériaux appliquées avec succès sur tout le maillage.
[2026-04-30 22:24:07] [DEBUG   ] [core.assembly] Début de l'assemblage (Masse/Réaction) pour 1491583 éléments...
[2026-04-30 22:24:08] [DEBUG   ] [core.assembly] Assemblage terminé. Matrice creuse construite: taille (745875, 745875) avec 5220789 éléments non-nuls.
[2026-04-30 22:24:21] [INFO    ] [core.time_integration] Mouvement significatif des barres détecté (pos=0.3957). Re-calcul de la physique et factorisation LU...
[2026-04-30 22:24:21] [DEBUG   ] [physics.materials] Calcul des propriétés matériaux. rod_insertion=0.395673650170041
[2026-04-30 22:24:21] [DEBUG   ] [physics.materials] Utilisation du user_mapping: {'Fuel': 'Fuel_Uranium', 'Moderator': 'Water_Moderator', 'Reflector': 'Graphite_Moderator', 'ControlRods': 'Boral_ControlRod'}
[2026-04-30 22:24:21] [DEBUG   ] [physics.materials] Propriétés des matériaux appliquées avec succès sur tout le maillage.
[2026-04-30 22:24:21] [DEBUG   ] [core.assembly] Début de l'assemblage (Masse/Réaction) pour 1491583 éléments...
[2026-04-30 22:24:22] [DEBUG   ] [core.assembly] Assemblage terminé. Matrice creuse construite: taille (745875, 745875) avec 5220789 éléments non-nuls.
[2026-04-30 22:24:34] [DEBUG   ] [core.time_integration] Progression de l'intégration : Étape 30/100
[2026-04-30 22:24:34] [INFO    ] [core.time_integration] Mouvement significatif des barres détecté (pos=0.4050). Re-calcul de la physique et factorisation LU...
[2026-04-30 22:24:34] [DEBUG   ] [physics.materials] Calcul des propriétés matériaux. rod_insertion=0.40496059745508706
[2026-04-30 22:24:34] [DEBUG   ] [physics.materials] Utilisation du user_mapping: {'Fuel': 'Fuel_Uranium', 'Moderator': 'Water_Moderator', 'Reflector': 'Graphite_Moderator', 'ControlRods': 'Boral_ControlRod'}
[2026-04-30 22:24:34] [DEBUG   ] [physics.materials] Propriétés des matériaux appliquées avec succès sur tout le maillage.
[2026-04-30 22:24:34] [DEBUG   ] [core.assembly] Début de l'assemblage (Masse/Réaction) pour 1491583 éléments...
[2026-04-30 22:24:35] [DEBUG   ] [core.assembly] Assemblage terminé. Matrice creuse construite: taille (745875, 745875) avec 5220789 éléments non-nuls.
[2026-04-30 22:24:47] [INFO    ] [core.time_integration] Mouvement significatif des barres détecté (pos=0.4137). Re-calcul de la physique et factorisation LU...
[2026-04-30 22:24:47] [DEBUG   ] [physics.materials] Calcul des propriétés matériaux. rod_insertion=0.41369488343052546
[2026-04-30 22:24:47] [DEBUG   ] [physics.materials] Utilisation du user_mapping: {'Fuel': 'Fuel_Uranium', 'Moderator': 'Water_Moderator', 'Reflector': 'Graphite_Moderator', 'ControlRods': 'Boral_ControlRod'}
[2026-04-30 22:24:47] [DEBUG   ] [physics.materials] Propriétés des matériaux appliquées avec succès sur tout le maillage.
[2026-04-30 22:24:47] [DEBUG   ] [core.assembly] Début de l'assemblage (Masse/Réaction) pour 1491583 éléments...
[2026-04-30 22:24:48] [DEBUG   ] [core.assembly] Assemblage terminé. Matrice creuse construite: taille (745875, 745875) avec 5220789 éléments non-nuls.
[2026-04-30 22:25:01] [INFO    ] [core.time_integration] Mouvement significatif des barres détecté (pos=0.4218). Re-calcul de la physique et factorisation LU...
[2026-04-30 22:25:01] [DEBUG   ] [physics.materials] Calcul des propriétés matériaux. rod_insertion=0.4218446748767228
[2026-04-30 22:25:01] [DEBUG   ] [physics.materials] Utilisation du user_mapping: {'Fuel': 'Fuel_Uranium', 'Moderator': 'Water_Moderator', 'Reflector': 'Graphite_Moderator', 'ControlRods': 'Boral_ControlRod'}
[2026-04-30 22:25:01] [DEBUG   ] [physics.materials] Propriétés des matériaux appliquées avec succès sur tout le maillage.
[2026-04-30 22:25:01] [DEBUG   ] [core.assembly] Début de l'assemblage (Masse/Réaction) pour 1491583 éléments...
[2026-04-30 22:25:02] [DEBUG   ] [core.assembly] Assemblage terminé. Matrice creuse construite: taille (745875, 745875) avec 5220789 éléments non-nuls.
[2026-04-30 22:25:14] [INFO    ] [core.time_integration] Mouvement significatif des barres détecté (pos=0.4294). Re-calcul de la physique et factorisation LU...
[2026-04-30 22:25:14] [DEBUG   ] [physics.materials] Calcul des propriétés matériaux. rod_insertion=0.42937862427489487
[2026-04-30 22:25:14] [DEBUG   ] [physics.materials] Utilisation du user_mapping: {'Fuel': 'Fuel_Uranium', 'Moderator': 'Water_Moderator', 'Reflector': 'Graphite_Moderator', 'ControlRods': 'Boral_ControlRod'}
[2026-04-30 22:25:14] [DEBUG   ] [physics.materials] Propriétés des matériaux appliquées avec succès sur tout le maillage.
[2026-04-30 22:25:14] [DEBUG   ] [core.assembly] Début de l'assemblage (Masse/Réaction) pour 1491583 éléments...
[2026-04-30 22:25:15] [DEBUG   ] [core.assembly] Assemblage terminé. Matrice creuse construite: taille (745875, 745875) avec 5220789 éléments non-nuls.
[2026-04-30 22:25:27] [INFO    ] [core.time_integration] Mouvement significatif des barres détecté (pos=0.4363). Re-calcul de la physique et factorisation LU...
[2026-04-30 22:25:27] [DEBUG   ] [physics.materials] Calcul des propriétés matériaux. rod_insertion=0.43626589156919515
[2026-04-30 22:25:27] [DEBUG   ] [physics.materials] Utilisation du user_mapping: {'Fuel': 'Fuel_Uranium', 'Moderator': 'Water_Moderator', 'Reflector': 'Graphite_Moderator', 'ControlRods': 'Boral_ControlRod'}
[2026-04-30 22:25:27] [DEBUG   ] [physics.materials] Propriétés des matériaux appliquées avec succès sur tout le maillage.
[2026-04-30 22:25:27] [DEBUG   ] [core.assembly] Début de l'assemblage (Masse/Réaction) pour 1491583 éléments...
[2026-04-30 22:25:28] [DEBUG   ] [core.assembly] Assemblage terminé. Matrice creuse construite: taille (745875, 745875) avec 5220789 éléments non-nuls.
[2026-04-30 22:25:41] [INFO    ] [core.time_integration] Mouvement significatif des barres détecté (pos=0.4425). Re-calcul de la physique et factorisation LU...
[2026-04-30 22:25:41] [DEBUG   ] [physics.materials] Calcul des propriétés matériaux. rod_insertion=0.4424761654465927
[2026-04-30 22:25:41] [DEBUG   ] [physics.materials] Utilisation du user_mapping: {'Fuel': 'Fuel_Uranium', 'Moderator': 'Water_Moderator', 'Reflector': 'Graphite_Moderator', 'ControlRods': 'Boral_ControlRod'}
[2026-04-30 22:25:41] [DEBUG   ] [physics.materials] Propriétés des matériaux appliquées avec succès sur tout le maillage.
[2026-04-30 22:25:41] [DEBUG   ] [core.assembly] Début de l'assemblage (Masse/Réaction) pour 1491583 éléments...
[2026-04-30 22:25:42] [DEBUG   ] [core.assembly] Assemblage terminé. Matrice creuse construite: taille (745875, 745875) avec 5220789 éléments non-nuls.
[2026-04-30 22:25:54] [INFO    ] [core.time_integration] Mouvement significatif des barres détecté (pos=0.4480). Re-calcul de la physique et factorisation LU...
[2026-04-30 22:25:54] [DEBUG   ] [physics.materials] Calcul des propriétés matériaux. rod_insertion=0.4479796843451329
[2026-04-30 22:25:54] [DEBUG   ] [physics.materials] Utilisation du user_mapping: {'Fuel': 'Fuel_Uranium', 'Moderator': 'Water_Moderator', 'Reflector': 'Graphite_Moderator', 'ControlRods': 'Boral_ControlRod'}
[2026-04-30 22:25:54] [DEBUG   ] [physics.materials] Propriétés des matériaux appliquées avec succès sur tout le maillage.
[2026-04-30 22:25:54] [DEBUG   ] [core.assembly] Début de l'assemblage (Masse/Réaction) pour 1491583 éléments...
[2026-04-30 22:25:55] [DEBUG   ] [core.assembly] Assemblage terminé. Matrice creuse construite: taille (745875, 745875) avec 5220789 éléments non-nuls.
[2026-04-30 22:26:08] [INFO    ] [core.time_integration] Mouvement significatif des barres détecté (pos=0.4527). Re-calcul de la physique et factorisation LU...
[2026-04-30 22:26:08] [DEBUG   ] [physics.materials] Calcul des propriétés matériaux. rod_insertion=0.4527472573964162
[2026-04-30 22:26:08] [DEBUG   ] [physics.materials] Utilisation du user_mapping: {'Fuel': 'Fuel_Uranium', 'Moderator': 'Water_Moderator', 'Reflector': 'Graphite_Moderator', 'ControlRods': 'Boral_ControlRod'}
[2026-04-30 22:26:08] [DEBUG   ] [physics.materials] Propriétés des matériaux appliquées avec succès sur tout le maillage.
[2026-04-30 22:26:08] [DEBUG   ] [core.assembly] Début de l'assemblage (Masse/Réaction) pour 1491583 éléments...
[2026-04-30 22:26:09] [DEBUG   ] [core.assembly] Assemblage terminé. Matrice creuse construite: taille (745875, 745875) avec 5220789 éléments non-nuls.
[2026-04-30 22:26:21] [INFO    ] [core.time_integration] Mouvement significatif des barres détecté (pos=0.4568). Re-calcul de la physique et factorisation LU...
[2026-04-30 22:26:21] [DEBUG   ] [physics.materials] Calcul des propriétés matériaux. rod_insertion=0.45675028550362284
[2026-04-30 22:26:21] [DEBUG   ] [physics.materials] Utilisation du user_mapping: {'Fuel': 'Fuel_Uranium', 'Moderator': 'Water_Moderator', 'Reflector': 'Graphite_Moderator', 'ControlRods': 'Boral_ControlRod'}
[2026-04-30 22:26:21] [DEBUG   ] [physics.materials] Propriétés des matériaux appliquées avec succès sur tout le maillage.
[2026-04-30 22:26:21] [DEBUG   ] [core.assembly] Début de l'assemblage (Masse/Réaction) pour 1491583 éléments...
[2026-04-30 22:26:22] [DEBUG   ] [core.assembly] Assemblage terminé. Matrice creuse construite: taille (745875, 745875) avec 5220789 éléments non-nuls.
[2026-04-30 22:26:35] [INFO    ] [core.time_integration] Mouvement significatif des barres détecté (pos=0.4600). Re-calcul de la physique et factorisation LU...
[2026-04-30 22:26:35] [DEBUG   ] [physics.materials] Calcul des propriétés matériaux. rod_insertion=0.4599607827526594
[2026-04-30 22:26:35] [DEBUG   ] [physics.materials] Utilisation du user_mapping: {'Fuel': 'Fuel_Uranium', 'Moderator': 'Water_Moderator', 'Reflector': 'Graphite_Moderator', 'ControlRods': 'Boral_ControlRod'}
[2026-04-30 22:26:35] [DEBUG   ] [physics.materials] Propriétés des matériaux appliquées avec succès sur tout le maillage.
[2026-04-30 22:26:35] [DEBUG   ] [core.assembly] Début de l'assemblage (Masse/Réaction) pour 1491583 éléments...
[2026-04-30 22:26:36] [DEBUG   ] [core.assembly] Assemblage terminé. Matrice creuse construite: taille (745875, 745875) avec 5220789 éléments non-nuls.
[2026-04-30 22:26:48] [DEBUG   ] [core.time_integration] Progression de l'intégration : Étape 40/100
[2026-04-30 22:26:48] [INFO    ] [core.time_integration] Mouvement significatif des barres détecté (pos=0.4624). Re-calcul de la physique et factorisation LU...
[2026-04-30 22:26:48] [DEBUG   ] [physics.materials] Calcul des propriétés matériaux. rod_insertion=0.46235139835142675
[2026-04-30 22:26:48] [DEBUG   ] [physics.materials] Utilisation du user_mapping: {'Fuel': 'Fuel_Uranium', 'Moderator': 'Water_Moderator', 'Reflector': 'Graphite_Moderator', 'ControlRods': 'Boral_ControlRod'}
[2026-04-30 22:26:48] [DEBUG   ] [physics.materials] Propriétés des matériaux appliquées avec succès sur tout le maillage.
[2026-04-30 22:26:48] [DEBUG   ] [core.assembly] Début de l'assemblage (Masse/Réaction) pour 1491583 éléments...
[2026-04-30 22:26:49] [DEBUG   ] [core.assembly] Assemblage terminé. Matrice creuse construite: taille (745875, 745875) avec 5220789 éléments non-nuls.
[2026-04-30 22:27:02] [INFO    ] [core.time_integration] Mouvement significatif des barres détecté (pos=0.4639). Re-calcul de la physique et factorisation LU...
[2026-04-30 22:27:02] [DEBUG   ] [physics.materials] Calcul des propriétés matériaux. rod_insertion=0.46389543929121435
[2026-04-30 22:27:02] [DEBUG   ] [physics.materials] Utilisation du user_mapping: {'Fuel': 'Fuel_Uranium', 'Moderator': 'Water_Moderator', 'Reflector': 'Graphite_Moderator', 'ControlRods': 'Boral_ControlRod'}
[2026-04-30 22:27:02] [DEBUG   ] [physics.materials] Propriétés des matériaux appliquées avec succès sur tout le maillage.
[2026-04-30 22:27:02] [DEBUG   ] [core.assembly] Début de l'assemblage (Masse/Réaction) pour 1491583 éléments...
[2026-04-30 22:27:03] [DEBUG   ] [core.assembly] Assemblage terminé. Matrice creuse construite: taille (745875, 745875) avec 5220789 éléments non-nuls.
[2026-04-30 22:27:16] [INFO    ] [core.time_integration] Mouvement significatif des barres détecté (pos=0.4611). Re-calcul de la physique et factorisation LU...
[2026-04-30 22:27:16] [DEBUG   ] [physics.materials] Calcul des propriétés matériaux. rod_insertion=0.4610994967204581
[2026-04-30 22:27:16] [DEBUG   ] [physics.materials] Utilisation du user_mapping: {'Fuel': 'Fuel_Uranium', 'Moderator': 'Water_Moderator', 'Reflector': 'Graphite_Moderator', 'ControlRods': 'Boral_ControlRod'}
[2026-04-30 22:27:16] [DEBUG   ] [physics.materials] Propriétés des matériaux appliquées avec succès sur tout le maillage.
[2026-04-30 22:27:16] [DEBUG   ] [core.assembly] Début de l'assemblage (Masse/Réaction) pour 1491583 éléments...
[2026-04-30 22:27:17] [DEBUG   ] [core.assembly] Assemblage terminé. Matrice creuse construite: taille (745875, 745875) avec 5220789 éléments non-nuls.
[2026-04-30 22:27:29] [INFO    ] [core.time_integration] Mouvement significatif des barres détecté (pos=0.4580). Re-calcul de la physique et factorisation LU...
[2026-04-30 22:27:29] [DEBUG   ] [physics.materials] Calcul des propriétés matériaux. rod_insertion=0.45803534378624466
[2026-04-30 22:27:29] [DEBUG   ] [physics.materials] Utilisation du user_mapping: {'Fuel': 'Fuel_Uranium', 'Moderator': 'Water_Moderator', 'Reflector': 'Graphite_Moderator', 'ControlRods': 'Boral_ControlRod'}
[2026-04-30 22:27:29] [DEBUG   ] [physics.materials] Propriétés des matériaux appliquées avec succès sur tout le maillage.
[2026-04-30 22:27:29] [DEBUG   ] [core.assembly] Début de l'assemblage (Masse/Réaction) pour 1491583 éléments...
[2026-04-30 22:27:30] [DEBUG   ] [core.assembly] Assemblage terminé. Matrice creuse construite: taille (745875, 745875) avec 5220789 éléments non-nuls.
[2026-04-30 22:27:42] [INFO    ] [core.time_integration] Mouvement significatif des barres détecté (pos=0.4540). Re-calcul de la physique et factorisation LU...
[2026-04-30 22:27:42] [DEBUG   ] [physics.materials] Calcul des propriétés matériaux. rod_insertion=0.4539796898471585
[2026-04-30 22:27:42] [DEBUG   ] [physics.materials] Utilisation du user_mapping: {'Fuel': 'Fuel_Uranium', 'Moderator': 'Water_Moderator', 'Reflector': 'Graphite_Moderator', 'ControlRods': 'Boral_ControlRod'}
[2026-04-30 22:27:43] [DEBUG   ] [physics.materials] Propriétés des matériaux appliquées avec succès sur tout le maillage.
[2026-04-30 22:27:43] [DEBUG   ] [core.assembly] Début de l'assemblage (Masse/Réaction) pour 1491583 éléments...
[2026-04-30 22:27:44] [DEBUG   ] [core.assembly] Assemblage terminé. Matrice creuse construite: taille (745875, 745875) avec 5220789 éléments non-nuls.
[2026-04-30 22:27:56] [INFO    ] [core.time_integration] Mouvement significatif des barres détecté (pos=0.4489). Re-calcul de la physique et factorisation LU...
[2026-04-30 22:27:56] [DEBUG   ] [physics.materials] Calcul des propriétés matériaux. rod_insertion=0.44891118436280036
[2026-04-30 22:27:56] [DEBUG   ] [physics.materials] Utilisation du user_mapping: {'Fuel': 'Fuel_Uranium', 'Moderator': 'Water_Moderator', 'Reflector': 'Graphite_Moderator', 'ControlRods': 'Boral_ControlRod'}
[2026-04-30 22:27:56] [DEBUG   ] [physics.materials] Propriétés des matériaux appliquées avec succès sur tout le maillage.
[2026-04-30 22:27:56] [DEBUG   ] [core.assembly] Début de l'assemblage (Masse/Réaction) pour 1491583 éléments...
[2026-04-30 22:27:57] [DEBUG   ] [core.assembly] Assemblage terminé. Matrice creuse construite: taille (745875, 745875) avec 5220789 éléments non-nuls.
[2026-04-30 22:28:09] [INFO    ] [core.time_integration] Mouvement significatif des barres détecté (pos=0.4428). Re-calcul de la physique et factorisation LU...
[2026-04-30 22:28:09] [DEBUG   ] [physics.materials] Calcul des propriétés matériaux. rod_insertion=0.44280936573825974
[2026-04-30 22:28:09] [DEBUG   ] [physics.materials] Utilisation du user_mapping: {'Fuel': 'Fuel_Uranium', 'Moderator': 'Water_Moderator', 'Reflector': 'Graphite_Moderator', 'ControlRods': 'Boral_ControlRod'}
[2026-04-30 22:28:10] [DEBUG   ] [physics.materials] Propriétés des matériaux appliquées avec succès sur tout le maillage.
[2026-04-30 22:28:10] [DEBUG   ] [core.assembly] Début de l'assemblage (Masse/Réaction) pour 1491583 éléments...
[2026-04-30 22:28:10] [DEBUG   ] [core.assembly] Assemblage terminé. Matrice creuse construite: taille (745875, 745875) avec 5220789 éléments non-nuls.
[2026-04-30 22:28:23] [DEBUG   ] [core.time_integration] Progression de l'intégration : Étape 50/100
[2026-04-30 22:28:23] [INFO    ] [core.time_integration] Mouvement significatif des barres détecté (pos=0.4357). Re-calcul de la physique et factorisation LU...
[2026-04-30 22:28:23] [DEBUG   ] [physics.materials] Calcul des propriétés matériaux. rod_insertion=0.4356547008974775
[2026-04-30 22:28:23] [DEBUG   ] [physics.materials] Utilisation du user_mapping: {'Fuel': 'Fuel_Uranium', 'Moderator': 'Water_Moderator', 'Reflector': 'Graphite_Moderator', 'ControlRods': 'Boral_ControlRod'}
[2026-04-30 22:28:23] [DEBUG   ] [physics.materials] Propriétés des matériaux appliquées avec succès sur tout le maillage.
[2026-04-30 22:28:23] [DEBUG   ] [core.assembly] Début de l'assemblage (Masse/Réaction) pour 1491583 éléments...
[2026-04-30 22:28:24] [DEBUG   ] [core.assembly] Assemblage terminé. Matrice creuse construite: taille (745875, 745875) avec 5220789 éléments non-nuls.
[2026-04-30 22:28:36] [INFO    ] [core.time_integration] Mouvement significatif des barres détecté (pos=0.4274). Re-calcul de la physique et factorisation LU...
[2026-04-30 22:28:36] [DEBUG   ] [physics.materials] Calcul des propriétés matériaux. rod_insertion=0.42742862741360654
[2026-04-30 22:28:36] [DEBUG   ] [physics.materials] Utilisation du user_mapping: {'Fuel': 'Fuel_Uranium', 'Moderator': 'Water_Moderator', 'Reflector': 'Graphite_Moderator', 'ControlRods': 'Boral_ControlRod'}
[2026-04-30 22:28:36] [DEBUG   ] [physics.materials] Propriétés des matériaux appliquées avec succès sur tout le maillage.
[2026-04-30 22:28:36] [DEBUG   ] [core.assembly] Début de l'assemblage (Masse/Réaction) pour 1491583 éléments...
[2026-04-30 22:28:37] [DEBUG   ] [core.assembly] Assemblage terminé. Matrice creuse construite: taille (745875, 745875) avec 5220789 éléments non-nuls.
[2026-04-30 22:28:50] [INFO    ] [core.time_integration] Mouvement significatif des barres détecté (pos=0.4181). Re-calcul de la physique et factorisation LU...
[2026-04-30 22:28:50] [DEBUG   ] [physics.materials] Calcul des propriétés matériaux. rod_insertion=0.41811359905639656
[2026-04-30 22:28:50] [DEBUG   ] [physics.materials] Utilisation du user_mapping: {'Fuel': 'Fuel_Uranium', 'Moderator': 'Water_Moderator', 'Reflector': 'Graphite_Moderator', 'ControlRods': 'Boral_ControlRod'}
[2026-04-30 22:28:50] [DEBUG   ] [physics.materials] Propriétés des matériaux appliquées avec succès sur tout le maillage.
[2026-04-30 22:28:50] [DEBUG   ] [core.assembly] Début de l'assemblage (Masse/Réaction) pour 1491583 éléments...
[2026-04-30 22:28:51] [DEBUG   ] [core.assembly] Assemblage terminé. Matrice creuse construite: taille (745875, 745875) avec 5220789 éléments non-nuls.
[2026-04-30 22:29:03] [INFO    ] [core.time_integration] Mouvement significatif des barres détecté (pos=0.4077). Re-calcul de la physique et factorisation LU...
[2026-04-30 22:29:03] [DEBUG   ] [physics.materials] Calcul des propriétés matériaux. rod_insertion=0.4076931352474282
[2026-04-30 22:29:03] [DEBUG   ] [physics.materials] Utilisation du user_mapping: {'Fuel': 'Fuel_Uranium', 'Moderator': 'Water_Moderator', 'Reflector': 'Graphite_Moderator', 'ControlRods': 'Boral_ControlRod'}
[2026-04-30 22:29:03] [DEBUG   ] [physics.materials] Propriétés des matériaux appliquées avec succès sur tout le maillage.
[2026-04-30 22:29:03] [DEBUG   ] [core.assembly] Début de l'assemblage (Masse/Réaction) pour 1491583 éléments...
[2026-04-30 22:29:04] [DEBUG   ] [core.assembly] Assemblage terminé. Matrice creuse construite: taille (745875, 745875) avec 5220789 éléments non-nuls.
[2026-04-30 22:29:17] [INFO    ] [core.time_integration] Mouvement significatif des barres détecté (pos=0.3962). Re-calcul de la physique et factorisation LU...
[2026-04-30 22:29:17] [DEBUG   ] [physics.materials] Calcul des propriétés matériaux. rod_insertion=0.39615187486859227
[2026-04-30 22:29:17] [DEBUG   ] [physics.materials] Utilisation du user_mapping: {'Fuel': 'Fuel_Uranium', 'Moderator': 'Water_Moderator', 'Reflector': 'Graphite_Moderator', 'ControlRods': 'Boral_ControlRod'}
[2026-04-30 22:29:17] [DEBUG   ] [physics.materials] Propriétés des matériaux appliquées avec succès sur tout le maillage.
[2026-04-30 22:29:17] [DEBUG   ] [core.assembly] Début de l'assemblage (Masse/Réaction) pour 1491583 éléments...
[2026-04-30 22:29:18] [DEBUG   ] [core.assembly] Assemblage terminé. Matrice creuse construite: taille (745875, 745875) avec 5220789 éléments non-nuls.
[2026-04-30 22:29:30] [INFO    ] [core.time_integration] Mouvement significatif des barres détecté (pos=0.3835). Re-calcul de la physique et factorisation LU...
[2026-04-30 22:29:30] [DEBUG   ] [physics.materials] Calcul des propriétés matériaux. rod_insertion=0.3834756349115516
[2026-04-30 22:29:30] [DEBUG   ] [physics.materials] Utilisation du user_mapping: {'Fuel': 'Fuel_Uranium', 'Moderator': 'Water_Moderator', 'Reflector': 'Graphite_Moderator', 'ControlRods': 'Boral_ControlRod'}
[2026-04-30 22:29:30] [DEBUG   ] [physics.materials] Propriétés des matériaux appliquées avec succès sur tout le maillage.
[2026-04-30 22:29:30] [DEBUG   ] [core.assembly] Début de l'assemblage (Masse/Réaction) pour 1491583 éléments...
[2026-04-30 22:29:31] [DEBUG   ] [core.assembly] Assemblage terminé. Matrice creuse construite: taille (745875, 745875) avec 5220789 éléments non-nuls.
[2026-04-30 22:29:44] [INFO    ] [core.time_integration] Mouvement significatif des barres détecté (pos=0.3697). Re-calcul de la physique et factorisation LU...
[2026-04-30 22:29:44] [DEBUG   ] [physics.materials] Calcul des propriétés matériaux. rod_insertion=0.36965147450963287
[2026-04-30 22:29:44] [DEBUG   ] [physics.materials] Utilisation du user_mapping: {'Fuel': 'Fuel_Uranium', 'Moderator': 'Water_Moderator', 'Reflector': 'Graphite_Moderator', 'ControlRods': 'Boral_ControlRod'}
[2026-04-30 22:29:44] [DEBUG   ] [physics.materials] Propriétés des matériaux appliquées avec succès sur tout le maillage.
[2026-04-30 22:29:44] [DEBUG   ] [core.assembly] Début de l'assemblage (Masse/Réaction) pour 1491583 éléments...
[2026-04-30 22:29:45] [DEBUG   ] [core.assembly] Assemblage terminé. Matrice creuse construite: taille (745875, 745875) avec 5220789 éléments non-nuls.
[2026-04-30 22:29:57] [INFO    ] [core.time_integration] Mouvement significatif des barres détecté (pos=0.3547). Re-calcul de la physique et factorisation LU...
[2026-04-30 22:29:57] [DEBUG   ] [physics.materials] Calcul des propriétés matériaux. rod_insertion=0.35466776495314817
[2026-04-30 22:29:57] [DEBUG   ] [physics.materials] Utilisation du user_mapping: {'Fuel': 'Fuel_Uranium', 'Moderator': 'Water_Moderator', 'Reflector': 'Graphite_Moderator', 'ControlRods': 'Boral_ControlRod'}
[2026-04-30 22:29:57] [DEBUG   ] [physics.materials] Propriétés des matériaux appliquées avec succès sur tout le maillage.
[2026-04-30 22:29:57] [DEBUG   ] [core.assembly] Début de l'assemblage (Masse/Réaction) pour 1491583 éléments...
[2026-04-30 22:29:58] [DEBUG   ] [core.assembly] Assemblage terminé. Matrice creuse construite: taille (745875, 745875) avec 5220789 éléments non-nuls.
[2026-04-30 22:30:10] [INFO    ] [core.time_integration] Mouvement significatif des barres détecté (pos=0.3385). Re-calcul de la physique et factorisation LU...
[2026-04-30 22:30:10] [DEBUG   ] [physics.materials] Calcul des propriétés matériaux. rod_insertion=0.3385142663549981
[2026-04-30 22:30:10] [DEBUG   ] [physics.materials] Utilisation du user_mapping: {'Fuel': 'Fuel_Uranium', 'Moderator': 'Water_Moderator', 'Reflector': 'Graphite_Moderator', 'ControlRods': 'Boral_ControlRod'}
[2026-04-30 22:30:10] [DEBUG   ] [physics.materials] Propriétés des matériaux appliquées avec succès sur tout le maillage.
[2026-04-30 22:30:10] [DEBUG   ] [core.assembly] Début de l'assemblage (Masse/Réaction) pour 1491583 éléments...
[2026-04-30 22:30:11] [DEBUG   ] [core.assembly] Assemblage terminé. Matrice creuse construite: taille (745875, 745875) avec 5220789 éléments non-nuls.
[2026-04-30 22:30:23] [INFO    ] [core.time_integration] Mouvement significatif des barres détecté (pos=0.3212). Re-calcul de la physique et factorisation LU...
[2026-04-30 22:30:23] [DEBUG   ] [physics.materials] Calcul des propriétés matériaux. rod_insertion=0.32118221170626854
[2026-04-30 22:30:23] [DEBUG   ] [physics.materials] Utilisation du user_mapping: {'Fuel': 'Fuel_Uranium', 'Moderator': 'Water_Moderator', 'Reflector': 'Graphite_Moderator', 'ControlRods': 'Boral_ControlRod'}
[2026-04-30 22:30:23] [DEBUG   ] [physics.materials] Propriétés des matériaux appliquées avec succès sur tout le maillage.
[2026-04-30 22:30:23] [DEBUG   ] [core.assembly] Début de l'assemblage (Masse/Réaction) pour 1491583 éléments...
[2026-04-30 22:30:24] [DEBUG   ] [core.assembly] Assemblage terminé. Matrice creuse construite: taille (745875, 745875) avec 5220789 éléments non-nuls.
[2026-04-30 22:30:37] [DEBUG   ] [core.time_integration] Progression de l'intégration : Étape 60/100
[2026-04-30 22:30:37] [INFO    ] [core.time_integration] Mouvement significatif des barres détecté (pos=0.3027). Re-calcul de la physique et factorisation LU...
[2026-04-30 22:30:37] [DEBUG   ] [physics.materials] Calcul des propriétés matériaux. rod_insertion=0.30266439914198484
[2026-04-30 22:30:37] [DEBUG   ] [physics.materials] Utilisation du user_mapping: {'Fuel': 'Fuel_Uranium', 'Moderator': 'Water_Moderator', 'Reflector': 'Graphite_Moderator', 'ControlRods': 'Boral_ControlRod'}
[2026-04-30 22:30:37] [DEBUG   ] [physics.materials] Propriétés des matériaux appliquées avec succès sur tout le maillage.
[2026-04-30 22:30:37] [DEBUG   ] [core.assembly] Début de l'assemblage (Masse/Réaction) pour 1491583 éléments...
[2026-04-30 22:30:38] [DEBUG   ] [core.assembly] Assemblage terminé. Matrice creuse construite: taille (745875, 745875) avec 5220789 éléments non-nuls.
[2026-04-30 22:30:50] [INFO    ] [core.time_integration] Mouvement significatif des barres détecté (pos=0.2830). Re-calcul de la physique et factorisation LU...
[2026-04-30 22:30:50] [DEBUG   ] [physics.materials] Calcul des propriétés matériaux. rod_insertion=0.2829552933256878
[2026-04-30 22:30:50] [DEBUG   ] [physics.materials] Utilisation du user_mapping: {'Fuel': 'Fuel_Uranium', 'Moderator': 'Water_Moderator', 'Reflector': 'Graphite_Moderator', 'ControlRods': 'Boral_ControlRod'}
[2026-04-30 22:30:50] [DEBUG   ] [physics.materials] Propriétés des matériaux appliquées avec succès sur tout le maillage.
[2026-04-30 22:30:50] [DEBUG   ] [core.assembly] Début de l'assemblage (Masse/Réaction) pour 1491583 éléments...
[2026-04-30 22:30:51] [DEBUG   ] [core.assembly] Assemblage terminé. Matrice creuse construite: taille (745875, 745875) avec 5220789 éléments non-nuls.
[2026-04-30 22:31:04] [INFO    ] [core.time_integration] Mouvement significatif des barres détecté (pos=0.2621). Re-calcul de la physique et factorisation LU...
[2026-04-30 22:31:04] [DEBUG   ] [physics.materials] Calcul des propriétés matériaux. rod_insertion=0.26205113695838766
[2026-04-30 22:31:04] [DEBUG   ] [physics.materials] Utilisation du user_mapping: {'Fuel': 'Fuel_Uranium', 'Moderator': 'Water_Moderator', 'Reflector': 'Graphite_Moderator', 'ControlRods': 'Boral_ControlRod'}
[2026-04-30 22:31:04] [DEBUG   ] [physics.materials] Propriétés des matériaux appliquées avec succès sur tout le maillage.
[2026-04-30 22:31:04] [DEBUG   ] [core.assembly] Début de l'assemblage (Masse/Réaction) pour 1491583 éléments...
[2026-04-30 22:31:05] [DEBUG   ] [core.assembly] Assemblage terminé. Matrice creuse construite: taille (745875, 745875) avec 5220789 éléments non-nuls.
[2026-04-30 22:31:17] [INFO    ] [core.time_integration] Mouvement significatif des barres détecté (pos=0.2400). Re-calcul de la physique et factorisation LU...
[2026-04-30 22:31:17] [DEBUG   ] [physics.materials] Calcul des propriétés matériaux. rod_insertion=0.23995007352289957
[2026-04-30 22:31:17] [DEBUG   ] [physics.materials] Utilisation du user_mapping: {'Fuel': 'Fuel_Uranium', 'Moderator': 'Water_Moderator', 'Reflector': 'Graphite_Moderator', 'ControlRods': 'Boral_ControlRod'}
[2026-04-30 22:31:17] [DEBUG   ] [physics.materials] Propriétés des matériaux appliquées avec succès sur tout le maillage.
[2026-04-30 22:31:17] [DEBUG   ] [core.assembly] Début de l'assemblage (Masse/Réaction) pour 1491583 éléments...
[2026-04-30 22:31:18] [DEBUG   ] [core.assembly] Assemblage terminé. Matrice creuse construite: taille (745875, 745875) avec 5220789 éléments non-nuls.
[2026-04-30 22:31:31] [INFO    ] [core.time_integration] Mouvement significatif des barres détecté (pos=0.2167). Re-calcul de la physique et factorisation LU...
[2026-04-30 22:31:31] [DEBUG   ] [physics.materials] Calcul des propriétés matériaux. rod_insertion=0.2166522824884809
[2026-04-30 22:31:31] [DEBUG   ] [physics.materials] Utilisation du user_mapping: {'Fuel': 'Fuel_Uranium', 'Moderator': 'Water_Moderator', 'Reflector': 'Graphite_Moderator', 'ControlRods': 'Boral_ControlRod'}
[2026-04-30 22:31:31] [DEBUG   ] [physics.materials] Propriétés des matériaux appliquées avec succès sur tout le maillage.
[2026-04-30 22:31:31] [DEBUG   ] [core.assembly] Début de l'assemblage (Masse/Réaction) pour 1491583 éléments...
[2026-04-30 22:31:32] [DEBUG   ] [core.assembly] Assemblage terminé. Matrice creuse construite: taille (745875, 745875) avec 5220789 éléments non-nuls.
[2026-04-30 22:31:44] [INFO    ] [core.time_integration] Mouvement significatif des barres détecté (pos=0.1922). Re-calcul de la physique et factorisation LU...
[2026-04-30 22:31:44] [DEBUG   ] [physics.materials] Calcul des propriétés matériaux. rod_insertion=0.1921601283226085
[2026-04-30 22:31:44] [DEBUG   ] [physics.materials] Utilisation du user_mapping: {'Fuel': 'Fuel_Uranium', 'Moderator': 'Water_Moderator', 'Reflector': 'Graphite_Moderator', 'ControlRods': 'Boral_ControlRod'}
[2026-04-30 22:31:44] [DEBUG   ] [physics.materials] Propriétés des matériaux appliquées avec succès sur tout le maillage.
[2026-04-30 22:31:44] [DEBUG   ] [core.assembly] Début de l'assemblage (Masse/Réaction) pour 1491583 éléments...
[2026-04-30 22:31:45] [DEBUG   ] [core.assembly] Assemblage terminé. Matrice creuse construite: taille (745875, 745875) avec 5220789 éléments non-nuls.
[2026-04-30 22:31:57] [INFO    ] [core.time_integration] Mouvement significatif des barres détecté (pos=0.1665). Re-calcul de la physique et factorisation LU...
[2026-04-30 22:31:57] [DEBUG   ] [physics.materials] Calcul des propriétés matériaux. rod_insertion=0.16647832478565838
[2026-04-30 22:31:57] [DEBUG   ] [physics.materials] Utilisation du user_mapping: {'Fuel': 'Fuel_Uranium', 'Moderator': 'Water_Moderator', 'Reflector': 'Graphite_Moderator', 'ControlRods': 'Boral_ControlRod'}
[2026-04-30 22:31:58] [DEBUG   ] [physics.materials] Propriétés des matériaux appliquées avec succès sur tout le maillage.
[2026-04-30 22:31:58] [DEBUG   ] [core.assembly] Début de l'assemblage (Masse/Réaction) pour 1491583 éléments...
[2026-04-30 22:31:58] [DEBUG   ] [core.assembly] Assemblage terminé. Matrice creuse construite: taille (745875, 745875) avec 5220789 éléments non-nuls.
[2026-04-30 22:32:11] [INFO    ] [core.time_integration] Mouvement significatif des barres détecté (pos=0.1396). Re-calcul de la physique et factorisation LU...
[2026-04-30 22:32:11] [DEBUG   ] [physics.materials] Calcul des propriétés matériaux. rod_insertion=0.13961411611844224
[2026-04-30 22:32:11] [DEBUG   ] [physics.materials] Utilisation du user_mapping: {'Fuel': 'Fuel_Uranium', 'Moderator': 'Water_Moderator', 'Reflector': 'Graphite_Moderator', 'ControlRods': 'Boral_ControlRod'}
[2026-04-30 22:32:11] [DEBUG   ] [physics.materials] Propriétés des matériaux appliquées avec succès sur tout le maillage.
[2026-04-30 22:32:11] [DEBUG   ] [core.assembly] Début de l'assemblage (Masse/Réaction) pour 1491583 éléments...
[2026-04-30 22:32:12] [DEBUG   ] [core.assembly] Assemblage terminé. Matrice creuse construite: taille (745875, 745875) avec 5220789 éléments non-nuls.
[2026-04-30 22:32:24] [INFO    ] [core.time_integration] Mouvement significatif des barres détecté (pos=0.1116). Re-calcul de la physique et factorisation LU...
[2026-04-30 22:32:24] [DEBUG   ] [physics.materials] Calcul des propriétés matériaux. rod_insertion=0.11157747686926144
[2026-04-30 22:32:24] [DEBUG   ] [physics.materials] Utilisation du user_mapping: {'Fuel': 'Fuel_Uranium', 'Moderator': 'Water_Moderator', 'Reflector': 'Graphite_Moderator', 'ControlRods': 'Boral_ControlRod'}
[2026-04-30 22:32:24] [DEBUG   ] [physics.materials] Propriétés des matériaux appliquées avec succès sur tout le maillage.
[2026-04-30 22:32:24] [DEBUG   ] [core.assembly] Début de l'assemblage (Masse/Réaction) pour 1491583 éléments...
[2026-04-30 22:32:25] [DEBUG   ] [core.assembly] Assemblage terminé. Matrice creuse construite: taille (745875, 745875) avec 5220789 éléments non-nuls.
[2026-04-30 22:32:38] [INFO    ] [core.time_integration] Mouvement significatif des barres détecté (pos=0.0824). Re-calcul de la physique et factorisation LU...
[2026-04-30 22:32:38] [DEBUG   ] [physics.materials] Calcul des propriétés matériaux. rod_insertion=0.08238133224226418
[2026-04-30 22:32:38] [DEBUG   ] [physics.materials] Utilisation du user_mapping: {'Fuel': 'Fuel_Uranium', 'Moderator': 'Water_Moderator', 'Reflector': 'Graphite_Moderator', 'ControlRods': 'Boral_ControlRod'}
[2026-04-30 22:32:38] [DEBUG   ] [physics.materials] Propriétés des matériaux appliquées avec succès sur tout le maillage.
[2026-04-30 22:32:38] [DEBUG   ] [core.assembly] Début de l'assemblage (Masse/Réaction) pour 1491583 éléments...
[2026-04-30 22:32:39] [DEBUG   ] [core.assembly] Assemblage terminé. Matrice creuse construite: taille (745875, 745875) avec 5220789 éléments non-nuls.
[2026-04-30 22:32:51] [DEBUG   ] [core.time_integration] Progression de l'intégration : Étape 70/100
[2026-04-30 22:32:51] [INFO    ] [core.time_integration] Mouvement significatif des barres détecté (pos=0.0520). Re-calcul de la physique et factorisation LU...
[2026-04-30 22:32:51] [DEBUG   ] [physics.materials] Calcul des propriétés matériaux. rod_insertion=0.0520418009765351
[2026-04-30 22:32:51] [DEBUG   ] [physics.materials] Utilisation du user_mapping: {'Fuel': 'Fuel_Uranium', 'Moderator': 'Water_Moderator', 'Reflector': 'Graphite_Moderator', 'ControlRods': 'Boral_ControlRod'}
[2026-04-30 22:32:51] [DEBUG   ] [physics.materials] Propriétés des matériaux appliquées avec succès sur tout le maillage.
[2026-04-30 22:32:51] [DEBUG   ] [core.assembly] Début de l'assemblage (Masse/Réaction) pour 1491583 éléments...
[2026-04-30 22:32:52] [DEBUG   ] [core.assembly] Assemblage terminé. Matrice creuse construite: taille (745875, 745875) avec 5220789 éléments non-nuls.
[2026-04-30 22:33:05] [INFO    ] [core.time_integration] Mouvement significatif des barres détecté (pos=0.0206). Re-calcul de la physique et factorisation LU...
[2026-04-30 22:33:05] [DEBUG   ] [physics.materials] Calcul des propriétés matériaux. rod_insertion=0.020578462877300592
[2026-04-30 22:33:05] [DEBUG   ] [physics.materials] Utilisation du user_mapping: {'Fuel': 'Fuel_Uranium', 'Moderator': 'Water_Moderator', 'Reflector': 'Graphite_Moderator', 'ControlRods': 'Boral_ControlRod'}
[2026-04-30 22:33:05] [DEBUG   ] [physics.materials] Propriétés des matériaux appliquées avec succès sur tout le maillage.
[2026-04-30 22:33:05] [DEBUG   ] [core.assembly] Début de l'assemblage (Masse/Réaction) pour 1491583 éléments...
[2026-04-30 22:33:06] [DEBUG   ] [core.assembly] Assemblage terminé. Matrice creuse construite: taille (745875, 745875) avec 5220789 éléments non-nuls.
[2026-04-30 22:33:19] [INFO    ] [core.time_integration] Mouvement significatif des barres détecté (pos=0.0000). Re-calcul de la physique et factorisation LU...
[2026-04-30 22:33:19] [DEBUG   ] [physics.materials] Calcul des propriétés matériaux. rod_insertion=0.0
[2026-04-30 22:33:19] [DEBUG   ] [physics.materials] Utilisation du user_mapping: {'Fuel': 'Fuel_Uranium', 'Moderator': 'Water_Moderator', 'Reflector': 'Graphite_Moderator', 'ControlRods': 'Boral_ControlRod'}
[2026-04-30 22:33:19] [DEBUG   ] [physics.materials] Propriétés des matériaux appliquées avec succès sur tout le maillage.
[2026-04-30 22:33:19] [DEBUG   ] [core.assembly] Début de l'assemblage (Masse/Réaction) pour 1491583 éléments...
[2026-04-30 22:33:20] [DEBUG   ] [core.assembly] Assemblage terminé. Matrice creuse construite: taille (745875, 745875) avec 5220789 éléments non-nuls.
[2026-04-30 22:33:34] [DEBUG   ] [core.time_integration] Progression de l'intégration : Étape 80/100
[2026-04-30 22:33:35] [DEBUG   ] [core.time_integration] Progression de l'intégration : Étape 90/100
[2026-04-30 22:33:37] [DEBUG   ] [core.time_integration] Progression de l'intégration : Étape 100/100
[2026-04-30 22:33:37] [INFO    ] [core.time_integration] Fin de l'intégration. Position finale des barres : 0.0000
[2026-04-30 22:33:38] [INFO    ] [core.solver] Intégration temporelle terminée avec succès.
[2026-04-30 22:33:38] [INFO    ] [core.solver] Démarrage de la génération de l'animation Matplotlib...
[2026-04-30 22:35:38] [INFO    ] [core.solver] Fin de l'exécution de run_full_simulation.
[2026-04-30 22:35:42] [DEBUG   ] [physics.geometry] Initialisation ReactorGeometry : R_n=12.0, R_hex=2.0
[2026-04-30 22:35:48] [INFO    ] [utils.gui] Ouverture de Gmsh pour visualiser : /home/Bud0x/Documents/bachinge/BAC3/LEPL1110/project/Projet_ef/output/meshes/reactor_Rn25.0_Rhex2.0_20260429_183032.msh
